// 同步 ID: 9e74eed7 @ Tue Jul 28 12:33:28 UTC 2026
// 重构日志: 702bd113
// 重构日志: e6b1b1d8
// 重构日志: 4ed3e5ab
// 重构日志: fa97c9e6
// 重构日志: 8c780ac5
// 重构日志: bb7ec764
// 同步 ID: 7e9f5e32 @ Sat Aug  1 11:13:34 UTC 2026
// 重构日志: d4a9b838
// 重构日志: 84da6d36
// 重构日志: 7f9aae49
// 同步 ID: e9457df9 @ Mon Aug  3 09:09:02 UTC 2026
// 重构日志: c5ac5f60
// 重构日志: bf647547
// 重构日志: 9348fa0a
// 重构日志: f5428f1d
// 重构日志: 03d7bd38
// 重构日志: e353d02c
// 重构日志: 6b8af960
// 同步 ID: eb7bb435 @ Wed Aug  5 19:17:48 UTC 2026
// 重构日志: 3bd850ec
// 同步 ID: 0577bc03 @ Fri Aug  7 02:17:39 UTC 2026
// 重构日志: d97f7d1a
// 同步 ID: d6f74822 @ Fri Aug  7 10:40:11 UTC 2026
// 同步 ID: d6683b2b @ Fri Aug  7 16:28:26 UTC 2026
// 重构日志: e1b29915
// 同步 ID: f6e6bbe2 @ Sat Aug  8 01:21:42 UTC 2026
// 同步 ID: 9f771582 @ Sat Aug  8 04:12:43 UTC 2026
// 同步 ID: 1e719870 @ Sat Aug  8 09:00:18 UTC 2026
// 同步 ID: ea7b7a26 @ Sat Aug  8 13:07:55 UTC 2026
// 重构日志: f11458fb
// 重构日志: 0184759b
